nohup: ignoring input

> TINOS-healthcare-trust_accessible@1.0.0 dev
> next dev

▲ Next.js 16.1.6 (Turbopack)
- Local:         http://localhost:3000
- Network:       http://192.168.1.177:3000
- Environments: .env

✓ Starting...
✓ Ready in 494ms
 GET /pipeline-config 200 in 279ms (compile: 148ms, render: 131ms)
 GET /api/auth/session 200 in 603ms (compile: 579ms, render: 25ms)
(node:2242929) [DEP0060] DeprecationWarning: The `util._extend` API is deprecated. Please use Object.assign() instead.
(Use `node --trace-deprecation ...` to show where the warning was created)
 GET /pipeline-config 200 in 37ms (compile: 2ms, render: 35ms)
 GET /api/auth/session 200 in 29ms (compile: 20ms, render: 10ms)
 GET / 200 in 84ms (compile: 15ms, render: 69ms)
 GET /dashboard 200 in 29ms (compile: 15ms, render: 14ms)
 GET /preprocessing 200 in 38ms (compile: 22ms, render: 16ms)
 GET /dashboard 200 in 12ms (compile: 2ms, render: 10ms)
 GET /dashboard/jobs/16?type=preprocessing 200 in 300ms (compile: 254ms, render: 46ms)
 GET /dashboard/jobs/16?type=preprocessing 200 in 32ms (compile: 16ms, render: 16ms)
 GET /dashboard/jobs/16?type=preprocessing 200 in 76ms (compile: 27ms, render: 50ms)
 GET /api/auth/session 200 in 40ms (compile: 27ms, render: 13ms)
 GET /dashboard 200 in 13ms (compile: 3ms, render: 10ms)
 GET /dashboard/jobs/16?type=preprocessing 200 in 35ms (compile: 22ms, render: 13ms)
 GET /dashboard/jobs/16?type=preprocessing 200 in 13ms (compile: 1977µs, render: 11ms)
 GET /dashboard 200 in 14ms (compile: 3ms, render: 11ms)
 GET /dashboard/jobs/16?type=preprocessing 200 in 33ms (compile: 19ms, render: 14ms)
 GET /dashboard/jobs/16?type=preprocessing 200 in 11ms (compile: 1937µs, render: 9ms)
✓ Compiled in 369ms
 GET /dashboard/jobs/16?type=preprocessing 200 in 114ms (compile: 71ms, render: 42ms)
 GET /dashboard/jobs/16?type=preprocessing 200 in 15ms (compile: 2ms, render: 13ms)
 GET /dashboard 200 in 16ms (compile: 3ms, render: 13ms)
 GET /dashboard/jobs/30?type=neoantigen 200 in 49ms (compile: 22ms, render: 27ms)
 GET /dashboard/jobs/30?type=neoantigen 200 in 13ms (compile: 1588µs, render: 12ms)
 GET /dashboard 200 in 19ms (compile: 5ms, render: 14ms)
 GET /dashboard/jobs/16?type=preprocessing 200 in 74ms (compile: 30ms, render: 44ms)
 GET /dashboard/jobs/16?type=preprocessing 200 in 22ms (compile: 3ms, render: 19ms)
 GET /dashboard 200 in 11ms (compile: 2ms, render: 8ms)
 GET /dashboard/jobs/16?type=preprocessing 200 in 38ms (compile: 24ms, render: 14ms)
 GET /dashboard/jobs/16?type=preprocessing 200 in 12ms (compile: 1930µs, render: 11ms)
 GET /dashboard 200 in 10ms (compile: 1740µs, render: 8ms)
 GET /dashboard/jobs/16?type=preprocessing 200 in 36ms (compile: 24ms, render: 11ms)
 GET /dashboard 200 in 11ms (compile: 2ms, render: 9ms)
 GET /pipeline-config 200 in 15ms (compile: 6ms, render: 9ms)
 GET /preprocessing 200 in 19ms (compile: 8ms, render: 11ms)
 GET /dashboard 200 in 12ms (compile: 1907µs, render: 10ms)
✓ Compiled in 39ms
 GET /dashboard 200 in 187ms (compile: 64ms, render: 123ms)
 GET /api/auth/session 200 in 51ms (compile: 29ms, render: 22ms)
✓ Compiled in 29ms
 GET /dashboard 200 in 150ms (compile: 50ms, render: 100ms)
 GET /api/auth/session 200 in 47ms (compile: 33ms, render: 14ms)
 GET /dashboard/jobs/26?type=neoantigen 200 in 88ms (compile: 67ms, render: 21ms)
 GET /dashboard 200 in 19ms (compile: 3ms, render: 16ms)
 GET /preprocessing 200 in 72ms (compile: 51ms, render: 20ms)
 GET /pipeline-config 200 in 76ms (compile: 52ms, render: 25ms)
 GET /preprocessing 200 in 13ms (compile: 2ms, render: 11ms)
✓ Compiled in 22ms
✓ Compiled in 24ms
 GET /api/auth/session 200 in 42ms (compile: 30ms, render: 11ms)
 GET /dashboard 200 in 16ms (compile: 2ms, render: 14ms)
✓ Compiled in 86ms
 GET /dashboard/jobs/30?type=neoantigen 200 in 111ms (compile: 80ms, render: 31ms)
 GET /dashboard/jobs/30?type=neoantigen 200 in 14ms (compile: 3ms, render: 12ms)
✓ Compiled in 69ms
 GET /dashboard/jobs/30?type=neoantigen 200 in 241ms (compile: 83ms, render: 158ms)
 GET /api/auth/session 200 in 53ms (compile: 39ms, render: 14ms)
✓ Compiled in 27ms
 GET /dashboard/jobs/30?type=neoantigen 200 in 181ms (compile: 73ms, render: 108ms)
 GET /api/auth/session 200 in 37ms (compile: 27ms, render: 10ms)
✓ Compiled in 31ms
 GET /dashboard/jobs/30?type=neoantigen 200 in 199ms (compile: 86ms, render: 113ms)
 GET /api/auth/session 200 in 44ms (compile: 32ms, render: 12ms)
 GET /preprocessing 200 in 109ms (compile: 72ms, render: 38ms)
 GET /neoantigen 200 in 79ms (compile: 45ms, render: 34ms)
 GET /neoantigen 200 in 91ms (compile: 2ms, render: 89ms)
 GET /api/auth/session 200 in 43ms (compile: 34ms, render: 9ms)
 GET /preprocessing 200 in 18ms (compile: 3ms, render: 16ms)
 GET /neoantigen 200 in 13ms (compile: 2ms, render: 11ms)
 GET /neoantigen 200 in 107ms (compile: 63ms, render: 44ms)
 GET /neoantigen 200 in 21ms (compile: 1531µs, render: 19ms)
 GET /neoantigen 200 in 58ms (compile: 30ms, render: 27ms)
 GET /neoantigen 200 in 47ms (compile: 1885µs, render: 46ms)
 GET /neoantigen 200 in 35ms (compile: 2ms, render: 33ms)
 GET /neoantigen 200 in 59ms (compile: 3ms, render: 57ms)
 GET /neoantigen 200 in 45ms (compile: 3ms, render: 42ms)
 GET /neoantigen 200 in 31ms (compile: 1953µs, render: 29ms)
 GET /neoantigen 200 in 30ms (compile: 3ms, render: 27ms)
 GET /neoantigen 200 in 45ms (compile: 2ms, render: 42ms)
 GET /neoantigen 200 in 55ms (compile: 3ms, render: 52ms)
 GET /neoantigen 200 in 55ms (compile: 1556µs, render: 53ms)
 GET /neoantigen 200 in 57ms (compile: 2ms, render: 55ms)
 GET /neoantigen 200 in 56ms (compile: 1356µs, render: 55ms)
 GET /neoantigen 200 in 68ms (compile: 1369µs, render: 67ms)
 GET /neoantigen 200 in 69ms (compile: 1420µs, render: 67ms)
 GET /neoantigen 200 in 69ms (compile: 1733µs, render: 68ms)
 GET /neoantigen 200 in 71ms (compile: 1848µs, render: 69ms)
 GET /neoantigen 200 in 71ms (compile: 1612µs, render: 70ms)
 GET /neoantigen 200 in 71ms (compile: 1615µs, render: 69ms)
 GET /neoantigen 200 in 72ms (compile: 1628µs, render: 70ms)
 GET /neoantigen 200 in 71ms (compile: 1360µs, render: 69ms)
 GET /neoantigen 200 in 71ms (compile: 1471µs, render: 70ms)
 GET /neoantigen 200 in 73ms (compile: 1529µs, render: 71ms)
 GET /neoantigen 200 in 78ms (compile: 5ms, render: 73ms)
 GET /neoantigen 200 in 76ms (compile: 1581µs, render: 74ms)
 GET /neoantigen 200 in 93ms (compile: 2ms, render: 91ms)
 GET /neoantigen 200 in 94ms (compile: 1617µs, render: 93ms)
 GET /neoantigen 200 in 96ms (compile: 1554µs, render: 95ms)
 GET /neoantigen 200 in 91ms (compile: 1649µs, render: 89ms)
 GET /neoantigen 200 in 76ms (compile: 1746µs, render: 74ms)
 GET /neoantigen 200 in 47ms (compile: 1814µs, render: 45ms)
 GET /neoantigen 200 in 32ms (compile: 1578µs, render: 30ms)
 GET /neoantigen 200 in 17ms (compile: 1600µs, render: 15ms)
✓ Compiled in 49ms
✓ Compiled in 24ms
 GET /neoantigen 200 in 142ms (compile: 55ms, render: 86ms)
 GET /api/auth/session 200 in 153ms (compile: 128ms, render: 24ms)
 GET /dashboard 200 in 56ms (compile: 40ms, render: 16ms)
✓ Compiled in 28ms
 GET /neoantigen-jobs 200 in 452ms (compile: 428ms, render: 24ms)
 GET /dashboard/jobs/30?type=neoantigen 200 in 92ms (compile: 73ms, render: 20ms)
 GET /dashboard/jobs/30?type=neoantigen 200 in 15ms (compile: 2ms, render: 13ms)
 GET /dashboard 200 in 61ms (compile: 43ms, render: 17ms)
 GET /api/auth/csrf 200 in 36ms (compile: 28ms, render: 8ms)
 POST /api/auth/signout 200 in 12ms (compile: 2ms, render: 9ms)
 GET /login 200 in 218ms (compile: 55ms, render: 163ms)
 GET /api/auth/session 200 in 52ms (compile: 44ms, render: 9ms)
 GET /api/auth/providers 200 in 41ms (compile: 34ms, render: 7ms)
 GET /api/auth/csrf 200 in 7ms (compile: 1322µs, render: 6ms)
Login API Response: { status: 200, endpoint: 'http://localhost:8000/api/auth/login/' }
Warning: User role not found in backend response
 POST /api/auth/callback/credentials 200 in 260ms (compile: 1408µs, render: 258ms)
 GET /api/auth/session 200 in 7ms (compile: 1193µs, render: 6ms)
 GET /dashboard 200 in 13ms (compile: 1604µs, render: 12ms)
 GET /dashboard 200 in 20ms (compile: 2ms, render: 18ms)
 GET /preprocessing 200 in 61ms (compile: 43ms, render: 18ms)
 GET /neoantigen-jobs 200 in 17ms (compile: 1975µs, render: 15ms)
 GET /neoantigen 200 in 51ms (compile: 36ms, render: 15ms)
 GET /dashboard 200 in 18ms (compile: 2ms, render: 15ms)
 GET /dashboard/jobs/16?type=preprocessing 200 in 43ms (compile: 31ms, render: 12ms)
 GET /dashboard 200 in 11ms (compile: 2ms, render: 8ms)
 GET /pipeline-config 200 in 66ms (compile: 50ms, render: 15ms)
 GET /neoantigen-jobs 200 in 13ms (compile: 2ms, render: 11ms)
✓ Compiled in 42ms
 GET /preprocessing 200 in 12ms (compile: 2ms, render: 10ms)
 GET /neoantigen-jobs 200 in 107ms (compile: 74ms, render: 33ms)
 GET /pipeline-config 200 in 11ms (compile: 1432µs, render: 10ms)
 GET /dashboard 200 in 14ms (compile: 1977µs, render: 12ms)
 GET /preprocessing 200 in 14ms (compile: 2ms, render: 11ms)
 GET /neoantigen-jobs 200 in 18ms (compile: 2ms, render: 16ms)
 GET /pipeline-config 200 in 13ms (compile: 2ms, render: 11ms)
 GET /dashboard 200 in 16ms (compile: 3ms, render: 14ms)
 GET /dashboard/jobs/16?type=preprocessing 200 in 61ms (compile: 33ms, render: 28ms)
 GET /dashboard/jobs/16?type=preprocessing 200 in 17ms (compile: 1955µs, render: 15ms)
 GET /preprocessing 200 in 12ms (compile: 1438µs, render: 10ms)
 GET /neoantigen-jobs 200 in 15ms (compile: 3ms, render: 12ms)
 GET /dashboard/jobs/10?type=neoantigen 200 in 45ms (compile: 32ms, render: 12ms)
 GET /dashboard 200 in 13ms (compile: 2ms, render: 11ms)
 GET /dashboard/jobs/16?type=preprocessing 200 in 65ms (compile: 38ms, render: 27ms)
 GET /dashboard/jobs/16?type=preprocessing 200 in 13ms (compile: 2ms, render: 11ms)
 GET /neoantigen-jobs 200 in 20ms (compile: 5ms, render: 14ms)
 GET /dashboard/jobs/30?type=neoantigen 200 in 86ms (compile: 48ms, render: 39ms)
 GET /dashboard/jobs/30?type=neoantigen 200 in 15ms (compile: 1903µs, render: 13ms)
 GET /dashboard 200 in 11ms (compile: 1966µs, render: 9ms)
 GET /pipeline-config 200 in 13ms (compile: 3ms, render: 10ms)
 GET /profile 200 in 290ms (compile: 280ms, render: 10ms)
✓ Compiled in 24ms
 GET /profile 200 in 170ms (compile: 48ms, render: 122ms)
 GET /api/auth/session 200 in 43ms (compile: 33ms, render: 10ms)
 GET /profile 200 in 28ms (compile: 1540µs, render: 27ms)
 GET /api/auth/session 200 in 47ms (compile: 38ms, render: 9ms)
✓ Compiled in 37ms
 GET /profile 200 in 138ms (compile: 46ms, render: 92ms)
 GET /api/auth/session 200 in 53ms (compile: 36ms, render: 17ms)
✓ Compiled in 39ms
 GET /profile 200 in 134ms (compile: 50ms, render: 84ms)
 GET /api/auth/session 200 in 46ms (compile: 37ms, render: 9ms)
✓ Compiled in 24ms
 GET /profile 200 in 156ms (compile: 45ms, render: 111ms)
 GET /api/auth/session 200 in 51ms (compile: 39ms, render: 12ms)
 GET /settings 200 in 255ms (compile: 241ms, render: 14ms)
 GET /dashboard 200 in 14ms (compile: 2ms, render: 12ms)
 GET /neoantigen-jobs 200 in 16ms (compile: 3ms, render: 13ms)
 GET /pipeline-config 200 in 15ms (compile: 3ms, render: 13ms)
 GET /profile 200 in 25ms (compile: 3ms, render: 22ms)
 GET /neoantigen-jobs 200 in 13ms (compile: 2ms, render: 11ms)
 GET /dashboard/jobs/30?type=neoantigen 200 in 54ms (compile: 40ms, render: 14ms)
 GET /dashboard 200 in 16ms (compile: 2ms, render: 14ms)
 GET /login 200 in 72ms (compile: 3ms, render: 69ms)
 GET /api/auth/session 200 in 67ms (compile: 49ms, render: 19ms)
 GET /api/auth/session 200 in 12ms (compile: 2ms, render: 10ms)
✓ Compiled in 66ms
 GET /api/submit-preprocessing?expand_children=true 404 in 119ms (compile: 52ms, render: 67ms)
✓ Compiled in 23ms
 GET /api/submit-preprocessing?expand_children=true 404 in 35ms (compile: 8ms, render: 27ms)
 GET /api/auth/session 200 in 102ms (compile: 77ms, render: 26ms)
 GET /api/auth/session 200 in 10ms (compile: 3ms, render: 7ms)
 GET /api/auth/providers 200 in 51ms (compile: 40ms, render: 10ms)
 GET /api/auth/csrf 200 in 9ms (compile: 3ms, render: 5ms)
Login API Response: { status: 200, endpoint: 'http://localhost:8000/api/auth/login/' }
Warning: User role not found in backend response
 POST /api/auth/callback/credentials 200 in 304ms (compile: 1899µs, render: 302ms)
 GET /api/auth/session 200 in 11ms (compile: 2ms, render: 9ms)
 GET /dashboard 200 in 92ms (compile: 70ms, render: 23ms)
 GET /dashboard 200 in 22ms (compile: 3ms, render: 20ms)
 GET /api/auth/profile 400 in 44ms (compile: 37ms, render: 7ms)
 GET /api/auth/profile 400 in 7ms (compile: 2ms, render: 5ms)
 GET /api/submit-preprocessing?expand_children=true 404 in 88ms (compile: 45ms, render: 43ms)
 GET /api/submit-preprocessing?expand_children=true 404 in 52ms (compile: 9ms, render: 43ms)
 GET /login 200 in 89ms (compile: 61ms, render: 28ms)
 GET /api/auth/providers 200 in 55ms (compile: 45ms, render: 10ms)
 GET /api/auth/csrf 200 in 9ms (compile: 2ms, render: 6ms)
Login API Response: { status: 200, endpoint: 'http://localhost:8000/api/auth/login/' }
Warning: User role not found in backend response
 POST /api/auth/callback/credentials 200 in 380ms (compile: 2ms, render: 378ms)
 GET /api/auth/session 200 in 11ms (compile: 2ms, render: 8ms)
 GET /dashboard 200 in 30ms (compile: 5ms, render: 25ms)
 GET /dashboard 200 in 31ms (compile: 3ms, render: 28ms)
 GET /api/auth/profile 400 in 144ms (compile: 76ms, render: 68ms)
 GET /api/auth/profile 400 in 18ms (compile: 7ms, render: 11ms)
 GET /api/submit-preprocessing?expand_children=true 404 in 257ms (compile: 96ms, render: 161ms)
 GET /api/submit-preprocessing?expand_children=true 404 in 83ms (compile: 19ms, render: 64ms)
 GET /profile 200 in 93ms (compile: 65ms, render: 27ms)
 GET /api/auth/profile 400 in 65ms (compile: 58ms, render: 7ms)
 GET /api/auth/profile 400 in 9ms (compile: 2ms, render: 7ms)
 GET /api/auth/session 200 in 86ms (compile: 63ms, render: 24ms)
 GET /api/auth/session 200 in 18ms (compile: 5ms, render: 13ms)
 GET /api/auth/profile 400 in 14ms (compile: 5ms, render: 9ms)
 GET /api/auth/csrf 200 in 72ms (compile: 64ms, render: 8ms)
 POST /api/auth/signout 200 in 15ms (compile: 3ms, render: 12ms)
 GET /api/auth/session 200 in 22ms (compile: 4ms, render: 18ms)
 GET /login 200 in 505ms (compile: 7ms, render: 497ms)
 GET /login 200 in 44ms (compile: 7ms, render: 36ms)
 GET /api/auth/session 200 in 109ms (compile: 82ms, render: 27ms)
 GET /api/auth/session 200 in 20ms (compile: 6ms, render: 14ms)
 GET /register 200 in 441ms (compile: 327ms, render: 114ms)
 POST /api/auth/register 400 in 53ms (compile: 44ms, render: 9ms)
 POST /api/auth/register 400 in 67ms (compile: 59ms, render: 8ms)
  Reload env: .env
✓ Compiled in 84ms
 GET /login 200 in 318ms (compile: 117ms, render: 201ms)
 GET /register 200 in 319ms (compile: 261ms, render: 58ms)
[?25h
