nohup: ignoring input

> TINOS-healthcare-trust_accessible@1.0.0 dev
> next dev

▲ Next.js 16.1.6 (Turbopack)
- Local:         http://localhost:3000
- Network:       http://192.168.1.177:3000
- Environments: .env

✓ Starting...
✓ Ready in 718ms
 GET / 200 in 676ms (compile: 471ms, render: 206ms)
 GET /api/auth/session 200 in 723ms (compile: 693ms, render: 31ms)
 GET /login 200 in 142ms (compile: 124ms, render: 18ms)
 GET /api/auth/providers 200 in 35ms (compile: 29ms, render: 7ms)
 GET /api/auth/csrf 200 in 8ms (compile: 1959µs, render: 6ms)
Login API Response: { status: 200, endpoint: 'http://localhost:8000/api/auth/login/' }
Warning: User role not found in backend response
 POST /api/auth/callback/credentials 200 in 436ms (compile: 1896µs, render: 434ms)
 GET /api/auth/session 200 in 12ms (compile: 3ms, render: 9ms)
 GET /dashboard 200 in 61ms (compile: 49ms, render: 12ms)
 GET /dashboard 200 in 23ms (compile: 5ms, render: 18ms)
 POST /api/auth/token/refresh 400 in 51ms (compile: 42ms, render: 9ms)
 POST /api/auth/token/refresh 400 in 9ms (compile: 3ms, render: 6ms)
 POST /api/auth/token/refresh 400 in 14ms (compile: 5ms, render: 9ms)
 POST /api/auth/token/refresh 400 in 15ms (compile: 8ms, render: 7ms)
 GET /login 200 in 213ms (compile: 3ms, render: 211ms)
 GET /login 200 in 54ms (compile: 3ms, render: 51ms)
 GET /api/auth/session 200 in 14ms (compile: 3ms, render: 11ms)
 GET /api/auth/providers 200 in 35ms (compile: 30ms, render: 5ms)
 GET /api/auth/csrf 200 in 8ms (compile: 1458µs, render: 7ms)
Login API Response: { status: 200, endpoint: 'http://localhost:8000/api/auth/login/' }
Warning: User role not found in backend response
 POST /api/auth/callback/credentials 200 in 276ms (compile: 2ms, render: 274ms)
 GET /api/auth/session 200 in 10ms (compile: 1991µs, render: 8ms)
 GET /dashboard 200 in 22ms (compile: 2ms, render: 20ms)
 GET /dashboard 200 in 16ms (compile: 3ms, render: 13ms)
 GET /api/auth/session 200 in 56ms (compile: 42ms, render: 14ms)
 GET /api/auth/session 200 in 74ms (compile: 58ms, render: 16ms)
 GET /dashboard/jobs/16?type=preprocessing 200 in 662ms (compile: 569ms, render: 93ms)
 GET /dashboard/jobs/16?type=preprocessing 200 in 64ms (compile: 39ms, render: 25ms)
 GET /neoantigen-jobs 200 in 68ms (compile: 48ms, render: 20ms)
 GET /dashboard/jobs/30?type=neoantigen 200 in 166ms (compile: 112ms, render: 53ms)
 GET /dashboard/jobs/30?type=neoantigen 200 in 35ms (compile: 3ms, render: 32ms)
 GET /dashboard 200 in 24ms (compile: 5ms, render: 19ms)
 GET /neoantigen-jobs 200 in 33ms (compile: 3ms, render: 30ms)
 GET /dashboard/jobs/30?type=neoantigen 200 in 319ms (compile: 231ms, render: 88ms)
 GET /dashboard 200 in 16ms (compile: 2ms, render: 14ms)
 GET /preprocessing 200 in 104ms (compile: 80ms, render: 24ms)
 GET /pipeline-config 200 in 77ms (compile: 57ms, render: 20ms)
 GET /preprocessing 200 in 18ms (compile: 2ms, render: 16ms)
 GET /api/auth/csrf 200 in 46ms (compile: 39ms, render: 7ms)
 POST /api/auth/signout 200 in 15ms (compile: 3ms, render: 12ms)
 GET /login 200 in 66ms (compile: 5ms, render: 61ms)
 GET /api/auth/session 200 in 20ms (compile: 5ms, render: 15ms)
 GET /register 200 in 112ms (compile: 92ms, render: 20ms)
 GET /login 200 in 23ms (compile: 3ms, render: 20ms)
 GET /api/auth/providers 200 in 52ms (compile: 45ms, render: 7ms)
 GET /api/auth/csrf 200 in 8ms (compile: 1740µs, render: 6ms)
Login API Response: { status: 200, endpoint: 'http://localhost:8000/api/auth/login/' }
Warning: User role not found in backend response
 POST /api/auth/callback/credentials 200 in 522ms (compile: 2ms, render: 520ms)
 GET /api/auth/session 200 in 15ms (compile: 4ms, render: 12ms)
 GET /dashboard 200 in 41ms (compile: 6ms, render: 35ms)
 GET /dashboard 200 in 30ms (compile: 2ms, render: 28ms)
 GET /dashboard 200 in 67ms (compile: 3ms, render: 64ms)
 GET /api/auth/session 200 in 67ms (compile: 54ms, render: 13ms)
 GET /api/auth/session 200 in 15ms (compile: 4ms, render: 10ms)
 GET /api/auth/session 200 in 42ms (compile: 34ms, render: 8ms)
